Info: Saved as "city_master.blend"
INFO Draco mesh compression is available, use library at /home/naresh/Documents/astra-blender-test/blender-4.5.13-linux-x64/4.5/scripts/addons_core/io_scene_gltf2/libextern_draco.so
23:08:39 | INFO: Starting glTF 2.0 export
23:08:39 | INFO: Extracting primitive: Base
23:08:39 | INFO: Primitives created: 1
23:08:39 | INFO: Extracting primitive: Riverbank mesh
23:08:39 | INFO: Primitives created: 1
23:08:39 | INFO: Extracting primitive: Water mesh
23:08:39 | INFO: Primitives created: 1
23:08:39 | INFO: Extracting primitive: Quays
23:08:39 | INFO: Primitives created: 1
23:08:39 | INFO: Extracting primitive: Park turf
23:08:39 | INFO: Primitives created: 1
23:08:39 | INFO: Extracting primitive: Park turf.001
23:08:39 | INFO: Primitives created: 1
23:08:39 | INFO: Extracting primitive: RoadMesh_0-8
23:08:39 | INFO: Primitives created: 1
23:08:39 | INFO: Extracting primitive: RoadMesh_0-1
23:08:39 | INFO: Primitives created: 1
23:08:39 | INFO: Extracting primitive: RoadMesh_1-9
23:08:39 | INFO: Primitives created: 1
23:08:39 | INFO: Extracting primitive: RoadMesh_1-2
23:08:39 | INFO: Primitives created: 1
23:08:39 | INFO: Extracting primitive: RoadMesh_2-10
23:08:39 | INFO: Primitives created: 1
23:08:39 | INFO: Extracting primitive: RoadMesh_2-3
23:08:39 | INFO: Primitives created: 1
23:08:39 | INFO: Extracting primitive: RoadMesh_3-11
23:08:39 | INFO: Primitives created: 1
23:08:39 | INFO: Extracting primitive: RoadMesh_4-12
23:08:39 | INFO: Primitives created: 1
23:08:39 | INFO: Extracting primitive: RoadMesh_4-5
23:08:39 | INFO: Primitives created: 1
23:08:39 | INFO: Extracting primitive: RoadMesh_5-13
23:08:39 | INFO: Primitives created: 1
23:08:39 | INFO: Extracting primitive: RoadMesh_5-6
23:08:39 | INFO: Primitives created: 1
23:08:39 | INFO: Extracting primitive: RoadMesh_6-14
23:08:39 | INFO: Primitives created: 1
23:08:39 | INFO: Extracting primitive: RoadMesh_6-7
23:08:39 | INFO: Primitives created: 1
23:08:39 | INFO: Extracting primitive: RoadMesh_7-15
23:08:39 | INFO: Primitives created: 1
23:08:39 | INFO: Extracting primitive: RoadMesh_8-16
23:08:39 | INFO: Primitives created: 1
23:08:39 | INFO: Extracting primitive: RoadMesh_8-9
23:08:39 | INFO: Primitives created: 1
23:08:39 | INFO: Extracting primitive: RoadMesh_9-17
23:08:39 | INFO: Primitives created: 1
23:08:39 | INFO: Extracting primitive: RoadMesh_9-10
23:08:39 | INFO: Primitives created: 1
23:08:39 | INFO: Extracting primitive: RoadMesh_10-18
23:08:39 | INFO: Primitives created: 1
23:08:39 | INFO: Extracting primitive: RoadMesh_10-11
23:08:39 | INFO: Primitives created: 1
23:08:39 | INFO: Extracting primitive: RoadMesh_11-19
23:08:39 | INFO: Primitives created: 1
23:08:39 | INFO: Extracting primitive: RoadMesh_11-12
23:08:39 | INFO: Primitives created: 1
23:08:39 | INFO: Extracting primitive: Bridge markings
23:08:39 | INFO: Primitives created: 1
23:08:39 | INFO: Extracting primitive: Bridge infrastructure
23:08:39 | INFO: Primitives created: 1
23:08:39 | INFO: Extracting primitive: RoadMesh_12-20
23:08:39 | INFO: Primitives created: 1
23:08:39 | INFO: Extracting primitive: RoadMesh_12-13
23:08:39 | INFO: Primitives created: 1
23:08:39 | INFO: Extracting primitive: RoadMesh_13-21
23:08:39 | INFO: Primitives created: 1
23:08:39 | INFO: Extracting primitive: RoadMesh_13-14
23:08:39 | INFO: Primitives created: 1
23:08:39 | INFO: Extracting primitive: RoadMesh_14-22
23:08:39 | INFO: Primitives created: 1
23:08:39 | INFO: Extracting primitive: RoadMesh_14-15
23:08:39 | INFO: Primitives created: 1
23:08:39 | INFO: Extracting primitive: RoadMesh_15-23
23:08:39 | INFO: Primitives created: 1
23:08:39 | INFO: Extracting primitive: RoadMesh_16-24
23:08:39 | INFO: Primitives created: 1
23:08:39 | INFO: Extracting primitive: RoadMesh_16-17
23:08:39 | INFO: Primitives created: 1
23:08:39 | INFO: Extracting primitive: RoadMesh_17-25
23:08:39 | INFO: Primitives created: 1
23:08:39 | INFO: Extracting primitive: RoadMesh_17-18
23:08:39 | INFO: Primitives created: 1
23:08:39 | INFO: Extracting primitive: RoadMesh_18-26
23:08:39 | INFO: Primitives created: 1
23:08:39 | INFO: Extracting primitive: RoadMesh_18-19
23:08:39 | INFO: Primitives created: 1
23:08:39 | INFO: Extracting primitive: RoadMesh_19-27
23:08:39 | INFO: Primitives created: 1
23:08:39 | INFO: Extracting primitive: RoadMesh_20-28
23:08:39 | INFO: Primitives created: 1
23:08:39 | INFO: Extracting primitive: RoadMesh_20-21
23:08:39 | INFO: Primitives created: 1
23:08:39 | INFO: Extracting primitive: RoadMesh_21-29
23:08:39 | INFO: Primitives created: 1
23:08:39 | INFO: Extracting primitive: RoadMesh_21-22
23:08:39 | INFO: Primitives created: 1
23:08:39 | INFO: Extracting primitive: RoadMesh_22-30
23:08:39 | INFO: Primitives created: 1
23:08:39 | INFO: Extracting primitive: RoadMesh_22-23
23:08:39 | INFO: Primitives created: 1
23:08:39 | INFO: Extracting primitive: RoadMesh_23-31
23:08:39 | INFO: Primitives created: 1
23:08:39 | INFO: Extracting primitive: RoadMesh_24-32
23:08:39 | INFO: Primitives created: 1
23:08:39 | INFO: Extracting primitive: RoadMesh_24-25
23:08:39 | INFO: Primitives created: 1
23:08:39 | INFO: Extracting primitive: RoadMesh_25-33
23:08:39 | INFO: Primitives created: 1
23:08:39 | INFO: Extracting primitive: RoadMesh_25-26
23:08:39 | INFO: Primitives created: 1
23:08:39 | INFO: Extracting primitive: RoadMesh_26-34
23:08:39 | INFO: Primitives created: 1
23:08:39 | INFO: Extracting primitive: RoadMesh_26-27
23:08:39 | INFO: Primitives created: 1
23:08:39 | INFO: Extracting primitive: RoadMesh_27-35
23:08:39 | INFO: Primitives created: 1
23:08:39 | INFO: Extracting primitive: RoadMesh_28-36
23:08:39 | INFO: Primitives created: 1
23:08:39 | INFO: Extracting primitive: RoadMesh_28-29
23:08:39 | INFO: Primitives created: 1
23:08:39 | INFO: Extracting primitive: RoadMesh_29-37
23:08:39 | INFO: Primitives created: 1
23:08:39 | INFO: Extracting primitive: RoadMesh_29-30
23:08:39 | INFO: Primitives created: 1
23:08:39 | INFO: Extracting primitive: RoadMesh_30-38
23:08:39 | INFO: Primitives created: 1
23:08:39 | INFO: Extracting primitive: RoadMesh_30-31
23:08:39 | INFO: Primitives created: 1
23:08:39 | INFO: Extracting primitive: RoadMesh_31-39
23:08:39 | INFO: Primitives created: 1
23:08:39 | INFO: Extracting primitive: RoadMesh_32-40
23:08:39 | INFO: Primitives created: 1
23:08:39 | INFO: Extracting primitive: RoadMesh_32-33
23:08:39 | INFO: Primitives created: 1
23:08:39 | INFO: Extracting primitive: RoadMesh_33-41
23:08:39 | INFO: Primitives created: 1
23:08:39 | INFO: Extracting primitive: RoadMesh_33-34
23:08:39 | INFO: Primitives created: 1
23:08:39 | INFO: Extracting primitive: RoadMesh_34-42
23:08:39 | INFO: Primitives created: 1
23:08:39 | INFO: Extracting primitive: RoadMesh_34-35
23:08:39 | INFO: Primitives created: 1
23:08:39 | INFO: Extracting primitive: RoadMesh_35-43
23:08:39 | INFO: Primitives created: 1
23:08:39 | INFO: Extracting primitive: RoadMesh_35-36
23:08:39 | INFO: Primitives created: 1
23:08:39 | INFO: Extracting primitive: Bridge markings.001
23:08:39 | INFO: Primitives created: 1
23:08:39 | INFO: Extracting primitive: Bridge infrastructure.001
23:08:39 | INFO: Primitives created: 1
23:08:39 | INFO: Extracting primitive: RoadMesh_36-44
23:08:39 | INFO: Primitives created: 1
23:08:39 | INFO: Extracting primitive: RoadMesh_36-37
23:08:39 | INFO: Primitives created: 1
23:08:39 | INFO: Extracting primitive: RoadMesh_37-45
23:08:39 | INFO: Primitives created: 1
23:08:39 | INFO: Extracting primitive: RoadMesh_37-38
23:08:39 | INFO: Primitives created: 1
23:08:39 | INFO: Extracting primitive: RoadMesh_38-46
23:08:39 | INFO: Primitives created: 1
23:08:39 | INFO: Extracting primitive: RoadMesh_38-39
23:08:39 | INFO: Primitives created: 1
23:08:39 | INFO: Extracting primitive: RoadMesh_39-47
23:08:39 | INFO: Primitives created: 1
23:08:39 | INFO: Extracting primitive: RoadMesh_40-48
23:08:39 | INFO: Primitives created: 1
23:08:39 | INFO: Extracting primitive: RoadMesh_40-41
23:08:39 | INFO: Primitives created: 1
23:08:39 | INFO: Extracting primitive: RoadMesh_41-49
23:08:39 | INFO: Primitives created: 1
23:08:39 | INFO: Extracting primitive: RoadMesh_41-42
23:08:39 | INFO: Primitives created: 1
23:08:39 | INFO: Extracting primitive: RoadMesh_42-50
23:08:39 | INFO: Primitives created: 1
23:08:39 | INFO: Extracting primitive: RoadMesh_42-43
23:08:39 | INFO: Primitives created: 1
23:08:39 | INFO: Extracting primitive: RoadMesh_43-51
23:08:39 | INFO: Primitives created: 1
23:08:39 | INFO: Extracting primitive: RoadMesh_44-52
23:08:39 | INFO: Primitives created: 1
23:08:39 | INFO: Extracting primitive: RoadMesh_44-45
23:08:39 | INFO: Primitives created: 1
23:08:39 | INFO: Extracting primitive: RoadMesh_45-53
23:08:39 | INFO: Primitives created: 1
23:08:39 | INFO: Extracting primitive: RoadMesh_45-46
23:08:39 | INFO: Primitives created: 1
23:08:39 | INFO: Extracting primitive: RoadMesh_46-54
23:08:39 | INFO: Primitives created: 1
23:08:39 | INFO: Extracting primitive: RoadMesh_46-47
23:08:39 | INFO: Primitives created: 1
23:08:39 | INFO: Extracting primitive: RoadMesh_47-55
23:08:39 | INFO: Primitives created: 1
23:08:39 | INFO: Extracting primitive: RoadMesh_48-49
23:08:39 | INFO: Primitives created: 1
23:08:39 | INFO: Extracting primitive: RoadMesh_49-50
23:08:39 | INFO: Primitives created: 1
23:08:39 | INFO: Extracting primitive: RoadMesh_50-51
23:08:39 | INFO: Primitives created: 1
23:08:39 | INFO: Extracting primitive: RoadMesh_52-53
23:08:39 | INFO: Primitives created: 1
23:08:39 | INFO: Extracting primitive: RoadMesh_53-54
23:08:39 | INFO: Primitives created: 1
23:08:39 | INFO: Extracting primitive: RoadMesh_54-55
23:08:39 | INFO: Primitives created: 1
23:08:39 | INFO: Extracting primitive: Joined sidewalk slabs
23:08:39 | INFO: Primitives created: 1
23:08:39 | INFO: Extracting primitive: Joined junctions
23:08:39 | INFO: Primitives created: 1
23:08:39 | INFO: Extracting primitive: Batched markings
23:08:39 | INFO: Primitives created: 2
23:08:39 | INFO: Extracting primitive: Archetype_1_web
23:08:39 | INFO: Primitives created: 4
23:08:39 | INFO: Extracting primitive: Archetype_0_web
23:08:39 | INFO: Primitives created: 4
23:08:39 | INFO: Extracting primitive: Archetype_2_web
23:08:39 | INFO: Primitives created: 4
23:08:39 | INFO: Extracting primitive: Archetype_4_web
23:08:39 | INFO: Primitives created: 4
23:08:39 | INFO: Extracting primitive: Archetype_3_web
23:08:39 | INFO: Primitives created: 4
23:08:39 | INFO: Extracting primitive: Archetype_5_web
23:08:39 | INFO: Primitives created: 4
23:08:39 | INFO: Extracting primitive: Shared tree • trunk and crown joined
23:08:39 | INFO: Primitives created: 2
23:08:39 | INFO: Extracting primitive: Shared streetlight assembly
23:08:39 | INFO: Primitives created: 2
23:08:39 | INFO: Extracting primitive: Transit route
23:08:39 | INFO: Primitives created: 1
23:08:39 | INFO: Extracting primitive: Station geometry
23:08:39 | INFO: Primitives created: 2
23:08:39 | INFO: Finished glTF 2.0 export in 0.31850719451904297 s

23:08:39 | INFO: Starting glTF 2.0 export
23:08:39 | INFO: Extracting primitive: Graph edge batch
23:08:39 | INFO: Primitives created: 1
23:08:39 | INFO: Extracting primitive: Shared graph node glyph
23:08:39 | INFO: Primitives created: 1
23:08:39 | INFO: Finished glTF 2.0 export in 0.029145240783691406 s

CITY_BUILD_SUCCESS
Blender 4.5.13 LTS (hash daeeeca98fb0 built 2026-08-25 01:31:19)

Blender quit
